// Jest Snapshot v1, https://goo.gl/fbAQLP

exports[`Item Component renders correctly without unexpected changes 1`] = `[Function]`;
