// Jest Snapshot v1, https://goo.gl/fbAQLP

exports[`Navigation Component renders correctly without unexpected changes 1`] = `[Function]`;
